
> chinasavings@1.0.0 build
> vite build && node scripts/prerender.mjs

[36mvite v7.3.6 [32mbuilding client environment for production...[36m[39m
transforming...
[32m✓[39m 80 modules transformed.
rendering chunks...
computing gzip size...
[2mdist/[22m[32mindex.html                 [39m[1m[2m  3.00 kB[22m[1m[22m[2m │ gzip:   1.37 kB[22m
[2mdist/[22m[35massets/index-CUAoP2kC.css  [39m[1m[2m103.07 kB[22m[1m[22m[2m │ gzip:  16.79 kB[22m
[2mdist/[22m[36massets/index-DBjxVulu.js   [39m[1m[33m563.55 kB[39m[22m[2m │ gzip: 153.89 kB[22m
[33m
(!) Some chunks are larger than 500 kB after minification. Consider:
- Using dynamic import() to code-split the application
- Use build.rollupOptions.output.manualChunks to improve chunking: https://rollupjs.org/configuration-options/#output-manualchunks
- Adjust chunk size limit for this warning via build.chunkSizeWarningLimit.[39m
[32m✓ built in 2.53s[39m
prerender: serving dist on 127.0.0.1:4187
prerender: / -> 85.9 KB, visible ~12228 chars
prerender: /zh/ -> 78.4 KB, visible ~4954 chars
prerender: /es/ -> 86.9 KB, visible ~13268 chars
prerender: /fr/ -> 87.6 KB, visible ~14003 chars
prerender: /ar/ -> 84.0 KB, visible ~10397 chars
prerender: all languages done
prerender: /blog/ -> 19.5 KB, visible ~3006 chars
prerender: /blog/taobao-vs-1688-international-buyers -> 22.7 KB, visible ~9261 chars
prerender: /blog/private-label-manufacturing-china-getting-started -> 24.8 KB, visible ~10971 chars
prerender: /blog/china-factory-sourcing-guide-small-importers -> 23.6 KB, visible ~9944 chars
prerender: /blog/what-is-a-1688-agent-and-when-to-use-one -> 22.1 KB, visible ~9066 chars
prerender: /blog/1688-vs-alibaba-which-is-better-for-sourcing -> 17.0 KB, visible ~4765 chars
prerender: /blog/how-to-find-reliable-chinese-suppliers -> 17.8 KB, visible ~5382 chars
prerender: /blog/how-to-buy-from-taobao-in-the-usa -> 17.0 KB, visible ~4716 chars
prerender: blog done (8 pages)
prerender: /pricing/ -> 23.5 KB, visible ~3262 chars
prerender: /payment/ -> 24.9 KB, visible ~3948 chars
prerender: /faq/ -> 51.3 KB, visible ~9550 chars
prerender: /business/ -> 41.1 KB, visible ~10135 chars
prerender: /about/ -> 14.2 KB, visible ~2053 chars
prerender: static pages done (5 pages)
